../Core/Src/sensor_read_helpers.c:24:6:initializeWheelSpeed	8	static
../Core/Src/sensor_read_helpers.c:28:6:initializeBrakeTemp	4	static
../Core/Src/sensor_read_helpers.c:32:6:initializeTireTemp	24	static
../Core/Src/sensor_read_helpers.c:41:6:initializeLinPot	16	static
../Core/Src/sensor_read_helpers.c:48:6:initializeStrainGauge	24	static
../Core/Src/sensor_read_helpers.c:58:6:readLinearPotentiometer	24	static
../Core/Src/sensor_read_helpers.c:70:6:readBrakeTemp	16	static
../Core/Src/sensor_read_helpers.c:81:6:readTireTemp	24	static
../Core/Src/sensor_read_helpers.c:104:6:readStrainGauges	24	static
../Core/Src/sensor_read_helpers.c:139:6:HAL_GPIO_EXTI_Callback	16	static
../Core/Src/sensor_read_helpers.c:146:6:readWheelSpeed	16	static
../Core/Src/sensor_read_helpers.c:190:6:readBoardTemp	24	static
../Core/Src/sensor_read_helpers.c:200:6:getMLXSample	24	static
../Core/Src/sensor_read_helpers.c:206:7:getStrainGaugeForce	24	static
../Core/Src/sensor_read_helpers.c:212:7:getLinPotTravel	16	static
../Core/Src/sensor_read_helpers.c:217:7:getRPM	16	static
