../Core/Src/sensor_read_helpers.c:23:6:initializeWheelSpeed	8	static
../Core/Src/sensor_read_helpers.c:27:6:initializeBrakeTemp	4	static
../Core/Src/sensor_read_helpers.c:31:6:initializeTireTemp	24	static
../Core/Src/sensor_read_helpers.c:40:6:initializeLinPot	16	static
../Core/Src/sensor_read_helpers.c:47:6:initializeStrainGauge	24	static
../Core/Src/sensor_read_helpers.c:57:6:readLinearPotentiometer	24	static
../Core/Src/sensor_read_helpers.c:69:6:readBrakeTemp	16	static
../Core/Src/sensor_read_helpers.c:80:6:readTireTemp	24	static
../Core/Src/sensor_read_helpers.c:105:6:readStrainGauges	24	static
../Core/Src/sensor_read_helpers.c:150:6:HAL_GPIO_EXTI_Callback	16	static
../Core/Src/sensor_read_helpers.c:157:6:readWheelSpeed	16	static
../Core/Src/sensor_read_helpers.c:201:6:readBoardTemp	24	static
../Core/Src/sensor_read_helpers.c:211:6:getMLXSample	24	static
../Core/Src/sensor_read_helpers.c:218:7:getStrainGaugeForce	16	static
../Core/Src/sensor_read_helpers.c:224:7:getLinPotTravel	16	static
../Core/Src/sensor_read_helpers.c:229:7:getRPM	16	static
