../Core/Src/sensor_read_helpers.c:24:6:initializeWheelSpeed	8	static
../Core/Src/sensor_read_helpers.c:28:6:initializeBrakeTemp	4	static
../Core/Src/sensor_read_helpers.c:32:6:initializeTireTemp	24	static
../Core/Src/sensor_read_helpers.c:41:6:initializeLinPot	16	static
../Core/Src/sensor_read_helpers.c:48:6:initializeStrainGauge	24	static
../Core/Src/sensor_read_helpers.c:57:6:readLinearPotentiometer	24	static
../Core/Src/sensor_read_helpers.c:67:6:readBrakeTemp	16	static
../Core/Src/sensor_read_helpers.c:78:6:readTireTemp	24	static
../Core/Src/sensor_read_helpers.c:100:6:readStrainGauges	24	static
../Core/Src/sensor_read_helpers.c:125:6:HAL_GPIO_EXTI_Callback	16	static
../Core/Src/sensor_read_helpers.c:132:6:readWheelSpeed	16	static
../Core/Src/sensor_read_helpers.c:175:6:readBoardTemp	24	static
../Core/Src/sensor_read_helpers.c:185:6:getMLXSample	24	static
../Core/Src/sensor_read_helpers.c:191:7:getStrainGaugeForce	24	static
../Core/Src/sensor_read_helpers.c:197:7:getLinPotTravel	16	static
../Core/Src/sensor_read_helpers.c:202:7:getRPM	16	static
