../Core/Src/sensor_read_helpers.c:24:6:initializeWheelSpeed	8	static
../Core/Src/sensor_read_helpers.c:28:6:initializeBrakeTemp	4	static
../Core/Src/sensor_read_helpers.c:32:6:initializeTireTemp	24	static
../Core/Src/sensor_read_helpers.c:41:6:initializeLinPot	16	static
../Core/Src/sensor_read_helpers.c:48:6:initializeStrainGauge	24	static
../Core/Src/sensor_read_helpers.c:57:6:readLinearPotentiometer	24	static
../Core/Src/sensor_read_helpers.c:69:6:readBrakeTemp	16	static
../Core/Src/sensor_read_helpers.c:80:6:readTireTemp	24	static
../Core/Src/sensor_read_helpers.c:102:6:readStrainGauges	24	static
../Core/Src/sensor_read_helpers.c:128:6:HAL_GPIO_EXTI_Callback	16	static
../Core/Src/sensor_read_helpers.c:135:6:readWheelSpeed	16	static
../Core/Src/sensor_read_helpers.c:179:6:readBoardTemp	24	static
../Core/Src/sensor_read_helpers.c:189:6:getMLXSample	24	static
../Core/Src/sensor_read_helpers.c:195:7:getStrainGaugeForce	24	static
../Core/Src/sensor_read_helpers.c:201:7:getLinPotTravel	16	static
../Core/Src/sensor_read_helpers.c:206:7:getRPM	16	static
